[NX Daemon Server] - 2025-01-13T00:56:31.005Z - Started listening on: /var/folders/yw/pwt1mjcx1zz57yz7flkcm5br0000gn/T/e24c98181d1a5bd1849e/d.sock
[NX Daemon Server] - 2025-01-13T00:56:31.008Z - [WATCHER]: Subscribed to changes within: /Users/jonathan/Documents/projects/web-projects/hats/create-hats-app (native)
[NX Daemon Server] - 2025-01-13T00:56:31.013Z - Established a connection. Number of open connections: 1
[NX Daemon Server] - 2025-01-13T00:56:31.014Z - Established a connection. Number of open connections: 2
[NX Daemon Server] - 2025-01-13T00:56:31.015Z - Closed a connection. Number of open connections: 1
[NX Daemon Server] - 2025-01-13T00:56:31.016Z - [REQUEST]: Client Request for Project Graph Received
[NX Daemon Server] - 2025-01-13T00:56:31.068Z - [WATCHER]: Processing file changes in outputs
[NX Daemon Server] - 2025-01-13T00:56:31.135Z - Time taken for 'Load Nx Plugin: /Users/jonathan/Documents/projects/web-projects/hats/create-hats-app/node_modules/.pnpm/nx@20.3.1/node_modules/nx/src/plugins/package-json' 117.84554200000001ms
[NX Daemon Server] - 2025-01-13T00:56:31.135Z - Time taken for 'Load Nx Plugin: /Users/jonathan/Documents/projects/web-projects/hats/create-hats-app/node_modules/.pnpm/nx@20.3.1/node_modules/nx/src/plugins/project-json/build-nodes/project-json' 118.160083ms
[NX Daemon Server] - 2025-01-13T00:56:31.138Z - [REQUEST]: Updated workspace context based on watched changes, recomputing project graph...
[NX Daemon Server] - 2025-01-13T00:56:31.138Z - [REQUEST]: 
[NX Daemon Server] - 2025-01-13T00:56:31.138Z - [REQUEST]: 
[NX Daemon Server] - 2025-01-13T00:56:31.142Z - Time taken for 'loadNxPlugins' 121.300458ms
[NX Daemon Server] - 2025-01-13T00:56:31.298Z - Time taken for 'build-project-configs' 148.92004099999997ms
[NX Daemon Server] - 2025-01-13T00:56:31.378Z - [SYNC]: collect registered sync generators
[NX Daemon Server] - 2025-01-13T00:56:31.378Z - [REQUEST]: Responding to the client. project-graph
[NX Daemon Server] - 2025-01-13T00:56:31.379Z - Time taken for 'total for creating and serializing project graph' 362.407ms
[NX Daemon Server] - 2025-01-13T00:56:31.381Z - Done responding to the client project-graph
[NX Daemon Server] - 2025-01-13T00:56:31.381Z - Handled REQUEST_PROJECT_GRAPH. Handling time: 362. Response time: 3.
[NX Daemon Server] - 2025-01-13T00:56:31.435Z - [REQUEST]: Responding to the client. handleHashTasks
[NX Daemon Server] - 2025-01-13T00:56:31.436Z - Done responding to the client handleHashTasks
[NX Daemon Server] - 2025-01-13T00:56:31.436Z - Handled HASH_TASKS. Handling time: 16. Response time: 1.
[NX Daemon Server] - 2025-01-13T00:56:31.455Z - [REQUEST]: Responding to the client. handleGetEstimatedTaskTimings
[NX Daemon Server] - 2025-01-13T00:56:31.455Z - Done responding to the client handleGetEstimatedTaskTimings
[NX Daemon Server] - 2025-01-13T00:56:31.455Z - Handled GET_ESTIMATED_TASK_TIMINGS. Handling time: 13. Response time: 0.
[NX Daemon Server] - 2025-01-13T00:56:32.278Z - Established a connection. Number of open connections: 2
[NX Daemon Server] - 2025-01-13T00:56:32.278Z - Closed a connection. Number of open connections: 1
[NX Daemon Server] - 2025-01-13T00:56:32.278Z - Established a connection. Number of open connections: 2
[NX Daemon Server] - 2025-01-13T00:56:32.279Z - [REQUEST]: Client Request for Project Graph Received
[NX Daemon Server] - 2025-01-13T00:56:32.279Z - [REQUEST]: Responding to the client. project-graph
[NX Daemon Server] - 2025-01-13T00:56:32.280Z - Time taken for 'total for creating and serializing project graph' 0.2028339999999389ms
[NX Daemon Server] - 2025-01-13T00:56:32.283Z - Done responding to the client project-graph
[NX Daemon Server] - 2025-01-13T00:56:32.283Z - Handled REQUEST_PROJECT_GRAPH. Handling time: 0. Response time: 4.
[NX Daemon Server] - 2025-01-13T00:56:32.309Z - Closed a connection. Number of open connections: 1
[NX Daemon Server] - 2025-01-13T00:56:32.340Z - [REQUEST]: Responding to the client. recordOutputsHash
[NX Daemon Server] - 2025-01-13T00:56:32.340Z - Done responding to the client recordOutputsHash
[NX Daemon Server] - 2025-01-13T00:56:32.340Z - Handled RECORD_OUTPUTS_HASH. Handling time: 0. Response time: 0.
[NX Daemon Server] - 2025-01-13T00:56:32.342Z - [REQUEST]: Responding to the client. handleRecordTaskRuns
[NX Daemon Server] - 2025-01-13T00:56:32.342Z - Done responding to the client handleRecordTaskRuns
[NX Daemon Server] - 2025-01-13T00:56:32.342Z - Handled RECORD_TASK_RUNS. Handling time: 1. Response time: 0.
[NX Daemon Server] - 2025-01-13T00:56:32.342Z - [REQUEST]: Responding to the client. handleGetFlakyTasks
[NX Daemon Server] - 2025-01-13T00:56:32.342Z - Done responding to the client handleGetFlakyTasks
[NX Daemon Server] - 2025-01-13T00:56:32.342Z - Handled GET_FLAKY_TASKS. Handling time: 0. Response time: 0.
[NX Daemon Server] - 2025-01-13T00:56:32.460Z - Closed a connection. Number of open connections: 0
[NX Daemon Server] - 2025-01-13T00:57:13.440Z - [WATCHER]: _tmp_21090_2776945012c7b6654279fea3f0bd69d8 was deleted
[NX Daemon Server] - 2025-01-13T00:57:13.440Z - [WATCHER]: Processing file changes in outputs
[NX Daemon Server] - 2025-01-13T00:57:13.542Z - [REQUEST]: Updated workspace context based on watched changes, recomputing project graph...
[NX Daemon Server] - 2025-01-13T00:57:13.542Z - [REQUEST]: 
[NX Daemon Server] - 2025-01-13T00:57:13.542Z - [REQUEST]: _tmp_21090_2776945012c7b6654279fea3f0bd69d8
[NX Daemon Server] - 2025-01-13T00:57:13.550Z - Time taken for 'hash changed files from watcher' 0.15754200000083074ms
[NX Daemon Server] - 2025-01-13T00:57:13.599Z - Time taken for 'build-project-configs' 47.018959000000905ms
[NX Daemon Server] - 2025-01-13T00:57:13.663Z - [SYNC]: collect registered sync generators
[NX Daemon Server] - 2025-01-13T00:57:13.663Z - [SYNC]: project graph hash is the same, not collecting task sync generators
[NX Daemon Server] - 2025-01-13T00:57:13.663Z - [SYNC]: nx.json hash is the same, not collecting global sync generators
[NX Daemon Server] - 2025-01-13T00:57:13.663Z - Time taken for 'total execution time for createProjectGraph()' 58.20929099999921ms
[NX Daemon Server] - 2025-01-13T00:57:19.537Z - [WATCHER]: _tmp_21174_9ca4759458e28e97380f077b5213a8ea was deleted
[NX Daemon Server] - 2025-01-13T00:57:19.537Z - [WATCHER]: Processing file changes in outputs
[NX Daemon Server] - 2025-01-13T00:57:19.738Z - [REQUEST]: Updated workspace context based on watched changes, recomputing project graph...
[NX Daemon Server] - 2025-01-13T00:57:19.738Z - [REQUEST]: 
[NX Daemon Server] - 2025-01-13T00:57:19.738Z - [REQUEST]: _tmp_21174_9ca4759458e28e97380f077b5213a8ea
[NX Daemon Server] - 2025-01-13T00:57:19.744Z - Time taken for 'hash changed files from watcher' 0.34429200000158744ms
[NX Daemon Server] - 2025-01-13T00:57:19.780Z - Time taken for 'build-project-configs' 36.46566700000403ms
[NX Daemon Server] - 2025-01-13T00:57:19.837Z - [SYNC]: collect registered sync generators
[NX Daemon Server] - 2025-01-13T00:57:19.838Z - [SYNC]: project graph hash is the same, not collecting task sync generators
[NX Daemon Server] - 2025-01-13T00:57:19.838Z - [SYNC]: nx.json hash is the same, not collecting global sync generators
[NX Daemon Server] - 2025-01-13T00:57:19.838Z - Time taken for 'total execution time for createProjectGraph()' 45.03941699999996ms
[NX Daemon Server] - 2025-01-13T00:57:42.299Z - [WATCHER]: Processing file changes in outputs
[NX Daemon Server] - 2025-01-13T00:57:42.299Z - [WATCHER]: Stopping the watcher for /Users/jonathan/Documents/projects/web-projects/hats/create-hats-app (sources)
[NX Daemon Server] - 2025-01-13T00:57:42.300Z - [WATCHER]: Stopping the watcher for /Users/jonathan/Documents/projects/web-projects/hats/create-hats-app (outputs)
[NX Daemon Server] - 2025-01-13T00:57:45.195Z - Started listening on: /var/folders/yw/pwt1mjcx1zz57yz7flkcm5br0000gn/T/e24c98181d1a5bd1849e/d.sock
[NX Daemon Server] - 2025-01-13T00:57:45.197Z - [WATCHER]: Subscribed to changes within: /Users/jonathan/Documents/projects/web-projects/hats/create-hats-app (native)
[NX Daemon Server] - 2025-01-13T00:57:45.198Z - Established a connection. Number of open connections: 1
[NX Daemon Server] - 2025-01-13T00:57:45.198Z - Established a connection. Number of open connections: 2
[NX Daemon Server] - 2025-01-13T00:57:45.199Z - Closed a connection. Number of open connections: 1
[NX Daemon Server] - 2025-01-13T00:57:45.199Z - [REQUEST]: Client Request for Project Graph Received
[NX Daemon Server] - 2025-01-13T00:57:45.257Z - [WATCHER]: Processing file changes in outputs
[NX Daemon Server] - 2025-01-13T00:57:45.307Z - Time taken for 'Load Nx Plugin: /Users/jonathan/Documents/projects/web-projects/hats/create-hats-app/node_modules/.pnpm/nx@20.3.1/node_modules/nx/src/plugins/package-json' 106.255083ms
[NX Daemon Server] - 2025-01-13T00:57:45.307Z - Time taken for 'Load Nx Plugin: /Users/jonathan/Documents/projects/web-projects/hats/create-hats-app/node_modules/.pnpm/nx@20.3.1/node_modules/nx/src/plugins/project-json/build-nodes/project-json' 106.556292ms
[NX Daemon Server] - 2025-01-13T00:57:45.311Z - [REQUEST]: Updated workspace context based on watched changes, recomputing project graph...
[NX Daemon Server] - 2025-01-13T00:57:45.311Z - [REQUEST]: 
[NX Daemon Server] - 2025-01-13T00:57:45.311Z - [REQUEST]: 
[NX Daemon Server] - 2025-01-13T00:57:45.315Z - Time taken for 'loadNxPlugins' 110.71883400000002ms
[NX Daemon Server] - 2025-01-13T00:57:45.470Z - Time taken for 'build-project-configs' 145.925375ms
[NX Daemon Server] - 2025-01-13T00:57:45.510Z - [SYNC]: collect registered sync generators
[NX Daemon Server] - 2025-01-13T00:57:45.511Z - [REQUEST]: Responding to the client. project-graph
[NX Daemon Server] - 2025-01-13T00:57:45.511Z - Time taken for 'total for creating and serializing project graph' 311.49016700000004ms
[NX Daemon Server] - 2025-01-13T00:57:45.513Z - Done responding to the client project-graph
[NX Daemon Server] - 2025-01-13T00:57:45.513Z - Handled REQUEST_PROJECT_GRAPH. Handling time: 312. Response time: 2.
[NX Daemon Server] - 2025-01-13T00:57:45.563Z - [REQUEST]: Responding to the client. handleHashTasks
[NX Daemon Server] - 2025-01-13T00:57:45.564Z - Done responding to the client handleHashTasks
[NX Daemon Server] - 2025-01-13T00:57:45.564Z - Handled HASH_TASKS. Handling time: 17. Response time: 1.
[NX Daemon Server] - 2025-01-13T00:57:45.583Z - [REQUEST]: Responding to the client. handleGetEstimatedTaskTimings
[NX Daemon Server] - 2025-01-13T00:57:45.583Z - Done responding to the client handleGetEstimatedTaskTimings
[NX Daemon Server] - 2025-01-13T00:57:45.583Z - Handled GET_ESTIMATED_TASK_TIMINGS. Handling time: 13. Response time: 0.
[NX Daemon Server] - 2025-01-13T00:57:46.387Z - Established a connection. Number of open connections: 2
[NX Daemon Server] - 2025-01-13T00:57:46.387Z - Closed a connection. Number of open connections: 1
[NX Daemon Server] - 2025-01-13T00:57:46.388Z - Established a connection. Number of open connections: 2
[NX Daemon Server] - 2025-01-13T00:57:46.389Z - [REQUEST]: Client Request for Project Graph Received
[NX Daemon Server] - 2025-01-13T00:57:46.389Z - [REQUEST]: Responding to the client. project-graph
[NX Daemon Server] - 2025-01-13T00:57:46.389Z - Time taken for 'total for creating and serializing project graph' 0.19229199999995217ms
[NX Daemon Server] - 2025-01-13T00:57:46.392Z - Done responding to the client project-graph
[NX Daemon Server] - 2025-01-13T00:57:46.392Z - Handled REQUEST_PROJECT_GRAPH. Handling time: 0. Response time: 3.
[NX Daemon Server] - 2025-01-13T00:57:46.429Z - [REQUEST]: Responding to the client. handleHashTasks
[NX Daemon Server] - 2025-01-13T00:57:46.429Z - Done responding to the client handleHashTasks
[NX Daemon Server] - 2025-01-13T00:57:46.429Z - Handled HASH_TASKS. Handling time: 10. Response time: 0.
[NX Daemon Server] - 2025-01-13T00:57:46.436Z - [REQUEST]: Responding to the client. handleGetEstimatedTaskTimings
[NX Daemon Server] - 2025-01-13T00:57:46.436Z - Done responding to the client handleGetEstimatedTaskTimings
[NX Daemon Server] - 2025-01-13T00:57:46.436Z - Handled GET_ESTIMATED_TASK_TIMINGS. Handling time: 0. Response time: 0.
[NX Daemon Server] - 2025-01-13T00:57:48.436Z - [WATCHER]: Processing file changes in outputs
[NX Daemon Server] - 2025-01-13T00:57:49.874Z - [WATCHER]: Processing file changes in outputs
[NX Daemon Server] - 2025-01-13T00:57:50.159Z - [WATCHER]: Processing file changes in outputs
[NX Daemon Server] - 2025-01-13T00:57:50.213Z - [WATCHER]: Processing file changes in outputs
[NX Daemon Server] - 2025-01-13T00:57:54.953Z - [WATCHER]: Processing file changes in outputs
[NX Daemon Server] - 2025-01-13T00:57:55.035Z - [WATCHER]: Processing file changes in outputs
[NX Daemon Server] - 2025-01-13T00:57:55.090Z - [WATCHER]: Processing file changes in outputs
[NX Daemon Server] - 2025-01-13T00:57:55.434Z - [WATCHER]: Processing file changes in outputs
[NX Daemon Server] - 2025-01-13T00:58:00.268Z - [WATCHER]: Processing file changes in outputs
[NX Daemon Server] - 2025-01-13T00:58:00.425Z - [WATCHER]: Processing file changes in outputs
[NX Daemon Server] - 2025-01-13T00:58:00.477Z - [WATCHER]: Processing file changes in outputs
[NX Daemon Server] - 2025-01-13T00:58:00.537Z - [WATCHER]: Processing file changes in outputs
[NX Daemon Server] - 2025-01-13T00:58:01.781Z - [WATCHER]: Processing file changes in outputs
[NX Daemon Server] - 2025-01-13T00:58:01.833Z - [WATCHER]: Processing file changes in outputs
[NX Daemon Server] - 2025-01-13T00:58:03.106Z - [WATCHER]: Processing file changes in outputs
[NX Daemon Server] - 2025-01-13T00:58:03.980Z - [WATCHER]: Processing file changes in outputs
[NX Daemon Server] - 2025-01-13T00:58:04.063Z - [WATCHER]: Processing file changes in outputs
[NX Daemon Server] - 2025-01-13T00:58:05.272Z - [WATCHER]: Processing file changes in outputs
[NX Daemon Server] - 2025-01-13T00:58:05.772Z - [WATCHER]: Processing file changes in outputs
[NX Daemon Server] - 2025-01-13T00:58:05.988Z - [WATCHER]: Processing file changes in outputs
[NX Daemon Server] - 2025-01-13T00:58:06.241Z - [WATCHER]: Processing file changes in outputs
[NX Daemon Server] - 2025-01-13T00:58:09.540Z - Closed a connection. Number of open connections: 1
[NX Daemon Server] - 2025-01-13T00:58:09.626Z - Closed a connection. Number of open connections: 0
[NX Daemon Server] - 2025-01-13T00:58:09.721Z - [WATCHER]: Processing file changes in outputs
[NX Daemon Server] - 2025-01-13T00:58:13.360Z - Established a connection. Number of open connections: 1
[NX Daemon Server] - 2025-01-13T00:58:13.360Z - Closed a connection. Number of open connections: 0
[NX Daemon Server] - 2025-01-13T00:58:13.360Z - Established a connection. Number of open connections: 1
[NX Daemon Server] - 2025-01-13T00:58:13.362Z - [REQUEST]: Client Request for Project Graph Received
[NX Daemon Server] - 2025-01-13T00:58:13.362Z - [REQUEST]: Responding to the client. project-graph
[NX Daemon Server] - 2025-01-13T00:58:13.363Z - Time taken for 'total for creating and serializing project graph' 0.31720900000073016ms
[NX Daemon Server] - 2025-01-13T00:58:13.364Z - Done responding to the client project-graph
[NX Daemon Server] - 2025-01-13T00:58:13.364Z - Handled REQUEST_PROJECT_GRAPH. Handling time: 0. Response time: 2.
[NX Daemon Server] - 2025-01-13T00:58:13.408Z - [REQUEST]: Responding to the client. handleHashTasks
[NX Daemon Server] - 2025-01-13T00:58:13.408Z - Done responding to the client handleHashTasks
[NX Daemon Server] - 2025-01-13T00:58:13.408Z - Handled HASH_TASKS. Handling time: 11. Response time: 0.
[NX Daemon Server] - 2025-01-13T00:58:13.416Z - [REQUEST]: Responding to the client. handleGetEstimatedTaskTimings
[NX Daemon Server] - 2025-01-13T00:58:13.416Z - Done responding to the client handleGetEstimatedTaskTimings
[NX Daemon Server] - 2025-01-13T00:58:13.416Z - Handled GET_ESTIMATED_TASK_TIMINGS. Handling time: 0. Response time: 0.
[NX Daemon Server] - 2025-01-13T00:58:14.053Z - Established a connection. Number of open connections: 2
[NX Daemon Server] - 2025-01-13T00:58:14.053Z - Closed a connection. Number of open connections: 1
[NX Daemon Server] - 2025-01-13T00:58:14.054Z - Established a connection. Number of open connections: 2
[NX Daemon Server] - 2025-01-13T00:58:14.055Z - [REQUEST]: Client Request for Project Graph Received
[NX Daemon Server] - 2025-01-13T00:58:14.055Z - [REQUEST]: Responding to the client. project-graph
[NX Daemon Server] - 2025-01-13T00:58:14.055Z - Time taken for 'total for creating and serializing project graph' 0.2875000000021828ms
[NX Daemon Server] - 2025-01-13T00:58:14.059Z - Done responding to the client project-graph
[NX Daemon Server] - 2025-01-13T00:58:14.059Z - Handled REQUEST_PROJECT_GRAPH. Handling time: 0. Response time: 4.
[NX Daemon Server] - 2025-01-13T00:58:14.086Z - Closed a connection. Number of open connections: 1
[NX Daemon Server] - 2025-01-13T00:58:14.117Z - [REQUEST]: Responding to the client. recordOutputsHash
[NX Daemon Server] - 2025-01-13T00:58:14.117Z - Done responding to the client recordOutputsHash
[NX Daemon Server] - 2025-01-13T00:58:14.117Z - Handled RECORD_OUTPUTS_HASH. Handling time: 0. Response time: 0.
[NX Daemon Server] - 2025-01-13T00:58:14.119Z - [REQUEST]: Responding to the client. handleRecordTaskRuns
[NX Daemon Server] - 2025-01-13T00:58:14.119Z - Done responding to the client handleRecordTaskRuns
[NX Daemon Server] - 2025-01-13T00:58:14.119Z - Handled RECORD_TASK_RUNS. Handling time: 0. Response time: 0.
[NX Daemon Server] - 2025-01-13T00:58:14.120Z - [REQUEST]: Responding to the client. handleGetFlakyTasks
[NX Daemon Server] - 2025-01-13T00:58:14.120Z - Done responding to the client handleGetFlakyTasks
[NX Daemon Server] - 2025-01-13T00:58:14.120Z - Handled GET_FLAKY_TASKS. Handling time: 0. Response time: 0.
[NX Daemon Server] - 2025-01-13T00:58:14.238Z - Closed a connection. Number of open connections: 0
[NX Daemon Server] - 2025-01-13T00:58:41.269Z - [WATCHER]: apps/remix-app/project.json was modified
[NX Daemon Server] - 2025-01-13T00:58:41.269Z - [WATCHER]: Processing file changes in outputs
[NX Daemon Server] - 2025-01-13T00:58:41.371Z - [REQUEST]: Updated workspace context based on watched changes, recomputing project graph...
[NX Daemon Server] - 2025-01-13T00:58:41.371Z - [REQUEST]: apps/remix-app/project.json
[NX Daemon Server] - 2025-01-13T00:58:41.371Z - [REQUEST]: 
[NX Daemon Server] - 2025-01-13T00:58:41.378Z - Time taken for 'hash changed files from watcher' 0.4825409999975818ms
[NX Daemon Server] - 2025-01-13T00:58:41.417Z - Time taken for 'build-project-configs' 37.40149999999994ms
[NX Daemon Server] - 2025-01-13T00:58:41.468Z - [SYNC]: collect registered sync generators
[NX Daemon Server] - 2025-01-13T00:58:41.468Z - [SYNC]: nx.json hash is the same, not collecting global sync generators
[NX Daemon Server] - 2025-01-13T00:58:41.469Z - Time taken for 'total execution time for createProjectGraph()' 50.15883400000166ms
[NX Daemon Server] - 2025-01-13T00:59:08.288Z - [WATCHER]: apps/remix-app/project.json was modified
[NX Daemon Server] - 2025-01-13T00:59:08.289Z - [WATCHER]: Processing file changes in outputs
[NX Daemon Server] - 2025-01-13T00:59:08.491Z - [REQUEST]: Updated workspace context based on watched changes, recomputing project graph...
[NX Daemon Server] - 2025-01-13T00:59:08.492Z - [REQUEST]: apps/remix-app/project.json
[NX Daemon Server] - 2025-01-13T00:59:08.492Z - [REQUEST]: 
[NX Daemon Server] - 2025-01-13T00:59:08.497Z - Time taken for 'hash changed files from watcher' 0.5101659999927506ms
[NX Daemon Server] - 2025-01-13T00:59:08.541Z - Time taken for 'build-project-configs' 40.584958000006736ms
[NX Daemon Server] - 2025-01-13T00:59:08.587Z - [SYNC]: collect registered sync generators
[NX Daemon Server] - 2025-01-13T00:59:08.588Z - [SYNC]: nx.json hash is the same, not collecting global sync generators
[NX Daemon Server] - 2025-01-13T00:59:08.588Z - Time taken for 'total execution time for createProjectGraph()' 44.45249999999942ms
[NX Daemon Server] - 2025-01-13T00:59:14.330Z - [WATCHER]: apps/remix-app/project.json was modified
[NX Daemon Server] - 2025-01-13T00:59:14.331Z - [WATCHER]: Processing file changes in outputs
[NX Daemon Server] - 2025-01-13T00:59:14.732Z - [REQUEST]: Updated workspace context based on watched changes, recomputing project graph...
[NX Daemon Server] - 2025-01-13T00:59:14.732Z - [REQUEST]: apps/remix-app/project.json
[NX Daemon Server] - 2025-01-13T00:59:14.732Z - [REQUEST]: 
[NX Daemon Server] - 2025-01-13T00:59:14.741Z - Time taken for 'hash changed files from watcher' 0.3896249999961583ms
[NX Daemon Server] - 2025-01-13T00:59:14.773Z - Time taken for 'build-project-configs' 34.8777909999917ms
[NX Daemon Server] - 2025-01-13T00:59:14.806Z - [SYNC]: collect registered sync generators
[NX Daemon Server] - 2025-01-13T00:59:14.807Z - [SYNC]: project graph hash is the same, not collecting task sync generators
[NX Daemon Server] - 2025-01-13T00:59:14.807Z - [SYNC]: nx.json hash is the same, not collecting global sync generators
[NX Daemon Server] - 2025-01-13T00:59:14.807Z - Time taken for 'total execution time for createProjectGraph()' 29.88208399999712ms
[NX Daemon Server] - 2025-01-13T00:59:22.964Z - Established a connection. Number of open connections: 1
[NX Daemon Server] - 2025-01-13T00:59:22.964Z - Closed a connection. Number of open connections: 0
[NX Daemon Server] - 2025-01-13T00:59:22.964Z - Established a connection. Number of open connections: 1
[NX Daemon Server] - 2025-01-13T00:59:22.965Z - [REQUEST]: Client Request for Project Graph Received
[NX Daemon Server] - 2025-01-13T00:59:22.965Z - [REQUEST]: Responding to the client. project-graph
[NX Daemon Server] - 2025-01-13T00:59:22.965Z - Time taken for 'total for creating and serializing project graph' 0.1285829999978887ms
[NX Daemon Server] - 2025-01-13T00:59:22.967Z - Done responding to the client project-graph
[NX Daemon Server] - 2025-01-13T00:59:22.967Z - Handled REQUEST_PROJECT_GRAPH. Handling time: 0. Response time: 2.
[NX Daemon Server] - 2025-01-13T00:59:23.017Z - [REQUEST]: Responding to the client. handleHashTasks
[NX Daemon Server] - 2025-01-13T00:59:23.017Z - Done responding to the client handleHashTasks
[NX Daemon Server] - 2025-01-13T00:59:23.017Z - Handled HASH_TASKS. Handling time: 18. Response time: 0.
[NX Daemon Server] - 2025-01-13T00:59:23.023Z - [REQUEST]: Responding to the client. handleGetEstimatedTaskTimings
[NX Daemon Server] - 2025-01-13T00:59:23.023Z - Done responding to the client handleGetEstimatedTaskTimings
[NX Daemon Server] - 2025-01-13T00:59:23.023Z - Handled GET_ESTIMATED_TASK_TIMINGS. Handling time: 0. Response time: 0.
[NX Daemon Server] - 2025-01-13T00:59:23.659Z - Established a connection. Number of open connections: 2
[NX Daemon Server] - 2025-01-13T00:59:23.659Z - Closed a connection. Number of open connections: 1
[NX Daemon Server] - 2025-01-13T00:59:23.660Z - Established a connection. Number of open connections: 2
[NX Daemon Server] - 2025-01-13T00:59:23.661Z - [REQUEST]: Client Request for Project Graph Received
[NX Daemon Server] - 2025-01-13T00:59:23.661Z - [REQUEST]: Responding to the client. project-graph
[NX Daemon Server] - 2025-01-13T00:59:23.661Z - Time taken for 'total for creating and serializing project graph' 0.1749580000032438ms
[NX Daemon Server] - 2025-01-13T00:59:23.665Z - Done responding to the client project-graph
[NX Daemon Server] - 2025-01-13T00:59:23.665Z - Handled REQUEST_PROJECT_GRAPH. Handling time: 0. Response time: 4.
[NX Daemon Server] - 2025-01-13T00:59:23.705Z - [REQUEST]: Responding to the client. handleHashTasks
[NX Daemon Server] - 2025-01-13T00:59:23.706Z - Done responding to the client handleHashTasks
[NX Daemon Server] - 2025-01-13T00:59:23.706Z - Handled HASH_TASKS. Handling time: 10. Response time: 1.
[NX Daemon Server] - 2025-01-13T00:59:23.713Z - [REQUEST]: Responding to the client. handleGetEstimatedTaskTimings
[NX Daemon Server] - 2025-01-13T00:59:23.713Z - Done responding to the client handleGetEstimatedTaskTimings
[NX Daemon Server] - 2025-01-13T00:59:23.713Z - Handled GET_ESTIMATED_TASK_TIMINGS. Handling time: 0. Response time: 0.
[NX Daemon Server] - 2025-01-13T00:59:25.024Z - [REQUEST]: Responding to the client. recordOutputsHash
[NX Daemon Server] - 2025-01-13T00:59:25.024Z - Done responding to the client recordOutputsHash
[NX Daemon Server] - 2025-01-13T00:59:25.024Z - Handled RECORD_OUTPUTS_HASH. Handling time: 0. Response time: 0.
[NX Daemon Server] - 2025-01-13T00:59:25.025Z - [REQUEST]: Responding to the client. handleRecordTaskRuns
[NX Daemon Server] - 2025-01-13T00:59:25.025Z - Done responding to the client handleRecordTaskRuns
[NX Daemon Server] - 2025-01-13T00:59:25.025Z - Handled RECORD_TASK_RUNS. Handling time: 0. Response time: 0.
[NX Daemon Server] - 2025-01-13T00:59:25.026Z - [REQUEST]: Responding to the client. handleGetFlakyTasks
[NX Daemon Server] - 2025-01-13T00:59:25.026Z - Done responding to the client handleGetFlakyTasks
[NX Daemon Server] - 2025-01-13T00:59:25.026Z - Handled GET_FLAKY_TASKS. Handling time: 0. Response time: 0.
[NX Daemon Server] - 2025-01-13T00:59:25.143Z - Closed a connection. Number of open connections: 1
[NX Daemon Server] - 2025-01-13T00:59:25.173Z - [REQUEST]: Responding to the client. recordOutputsHash
[NX Daemon Server] - 2025-01-13T00:59:25.173Z - Done responding to the client recordOutputsHash
[NX Daemon Server] - 2025-01-13T00:59:25.173Z - Handled RECORD_OUTPUTS_HASH. Handling time: 1. Response time: 0.
[NX Daemon Server] - 2025-01-13T00:59:25.174Z - [REQUEST]: Responding to the client. handleRecordTaskRuns
[NX Daemon Server] - 2025-01-13T00:59:25.174Z - Done responding to the client handleRecordTaskRuns
[NX Daemon Server] - 2025-01-13T00:59:25.174Z - Handled RECORD_TASK_RUNS. Handling time: 0. Response time: 0.
[NX Daemon Server] - 2025-01-13T00:59:25.175Z - [REQUEST]: Responding to the client. handleGetFlakyTasks
[NX Daemon Server] - 2025-01-13T00:59:25.175Z - Done responding to the client handleGetFlakyTasks
[NX Daemon Server] - 2025-01-13T00:59:25.175Z - Handled GET_FLAKY_TASKS. Handling time: 0. Response time: 0.
[NX Daemon Server] - 2025-01-13T00:59:25.291Z - Closed a connection. Number of open connections: 0
[NX Daemon Server] - 2025-01-13T00:59:28.588Z - Established a connection. Number of open connections: 1
[NX Daemon Server] - 2025-01-13T00:59:28.588Z - Closed a connection. Number of open connections: 0
[NX Daemon Server] - 2025-01-13T00:59:28.589Z - Established a connection. Number of open connections: 1
[NX Daemon Server] - 2025-01-13T00:59:28.589Z - [REQUEST]: Client Request for Project Graph Received
[NX Daemon Server] - 2025-01-13T00:59:28.590Z - [REQUEST]: Responding to the client. project-graph
[NX Daemon Server] - 2025-01-13T00:59:28.590Z - Time taken for 'total for creating and serializing project graph' 0.17933300000731833ms
[NX Daemon Server] - 2025-01-13T00:59:28.593Z - Done responding to the client project-graph
[NX Daemon Server] - 2025-01-13T00:59:28.593Z - Handled REQUEST_PROJECT_GRAPH. Handling time: 1. Response time: 3.
[NX Daemon Server] - 2025-01-13T00:59:28.630Z - [REQUEST]: Responding to the client. handleHashTasks
[NX Daemon Server] - 2025-01-13T00:59:28.630Z - Done responding to the client handleHashTasks
[NX Daemon Server] - 2025-01-13T00:59:28.630Z - Handled HASH_TASKS. Handling time: 10. Response time: 0.
[NX Daemon Server] - 2025-01-13T00:59:28.637Z - [REQUEST]: Responding to the client. handleGetEstimatedTaskTimings
[NX Daemon Server] - 2025-01-13T00:59:28.637Z - Done responding to the client handleGetEstimatedTaskTimings
[NX Daemon Server] - 2025-01-13T00:59:28.637Z - Handled GET_ESTIMATED_TASK_TIMINGS. Handling time: 1. Response time: 0.
[NX Daemon Server] - 2025-01-13T00:59:29.422Z - [REQUEST]: Responding to the client. recordOutputsHash
[NX Daemon Server] - 2025-01-13T00:59:29.422Z - Done responding to the client recordOutputsHash
[NX Daemon Server] - 2025-01-13T00:59:29.422Z - Handled RECORD_OUTPUTS_HASH. Handling time: 0. Response time: 0.
[NX Daemon Server] - 2025-01-13T00:59:29.424Z - [REQUEST]: Responding to the client. handleRecordTaskRuns
[NX Daemon Server] - 2025-01-13T00:59:29.424Z - Done responding to the client handleRecordTaskRuns
[NX Daemon Server] - 2025-01-13T00:59:29.424Z - Handled RECORD_TASK_RUNS. Handling time: 0. Response time: 0.
[NX Daemon Server] - 2025-01-13T00:59:29.425Z - [REQUEST]: Responding to the client. handleGetFlakyTasks
[NX Daemon Server] - 2025-01-13T00:59:29.425Z - Done responding to the client handleGetFlakyTasks
[NX Daemon Server] - 2025-01-13T00:59:29.425Z - Handled GET_FLAKY_TASKS. Handling time: 1. Response time: 0.
[NX Daemon Server] - 2025-01-13T00:59:29.544Z - Closed a connection. Number of open connections: 0
[NX Daemon Server] - 2025-01-13T00:59:56.245Z - [WATCHER]: package.json was modified
[NX Daemon Server] - 2025-01-13T00:59:56.246Z - [WATCHER]: Processing file changes in outputs
[NX Daemon Server] - 2025-01-13T00:59:56.349Z - [REQUEST]: Updated workspace context based on watched changes, recomputing project graph...
[NX Daemon Server] - 2025-01-13T00:59:56.349Z - [REQUEST]: package.json
[NX Daemon Server] - 2025-01-13T00:59:56.349Z - [REQUEST]: 
[NX Daemon Server] - 2025-01-13T00:59:56.359Z - Time taken for 'hash changed files from watcher' 0.6823750000039581ms
[NX Daemon Server] - 2025-01-13T00:59:56.399Z - Time taken for 'build-project-configs' 41.51758300000802ms
[NX Daemon Server] - 2025-01-13T00:59:56.437Z - [SYNC]: collect registered sync generators
[NX Daemon Server] - 2025-01-13T00:59:56.437Z - [SYNC]: nx.json hash is the same, not collecting global sync generators
[NX Daemon Server] - 2025-01-13T00:59:56.437Z - Time taken for 'total execution time for createProjectGraph()' 35.4252919999999ms
[NX Daemon Server] - 2025-01-13T01:00:38.361Z - [WATCHER]: package.json was modified
[NX Daemon Server] - 2025-01-13T01:00:38.363Z - [WATCHER]: Processing file changes in outputs
[NX Daemon Server] - 2025-01-13T01:00:38.566Z - [REQUEST]: Updated workspace context based on watched changes, recomputing project graph...
[NX Daemon Server] - 2025-01-13T01:00:38.566Z - [REQUEST]: package.json
[NX Daemon Server] - 2025-01-13T01:00:38.566Z - [REQUEST]: 
[NX Daemon Server] - 2025-01-13T01:00:38.574Z - Time taken for 'hash changed files from watcher' 0.7293750000244472ms
[NX Daemon Server] - 2025-01-13T01:00:38.610Z - Time taken for 'build-project-configs' 35.68316699998104ms
[NX Daemon Server] - 2025-01-13T01:00:38.650Z - [SYNC]: collect registered sync generators
[NX Daemon Server] - 2025-01-13T01:00:38.650Z - [SYNC]: nx.json hash is the same, not collecting global sync generators
[NX Daemon Server] - 2025-01-13T01:00:38.650Z - Time taken for 'total execution time for createProjectGraph()' 37.235416999988956ms
[NX Daemon Server] - 2025-01-13T01:00:45.286Z - [WATCHER]: _tmp_23618_ce52cb044e8de16356f4278218e31126 was deleted
[NX Daemon Server] - 2025-01-13T01:00:45.286Z - [WATCHER]: Processing file changes in outputs
[NX Daemon Server] - 2025-01-13T01:00:45.689Z - [REQUEST]: Updated workspace context based on watched changes, recomputing project graph...
[NX Daemon Server] - 2025-01-13T01:00:45.689Z - [REQUEST]: 
[NX Daemon Server] - 2025-01-13T01:00:45.689Z - [REQUEST]: _tmp_23618_ce52cb044e8de16356f4278218e31126
[NX Daemon Server] - 2025-01-13T01:00:45.753Z - Time taken for 'hash changed files from watcher' 0.2997920000052545ms
[NX Daemon Server] - 2025-01-13T01:00:45.823Z - Time taken for 'build-project-configs' 87.55429100000765ms
[NX Daemon Server] - 2025-01-13T01:00:45.894Z - [SYNC]: collect registered sync generators
[NX Daemon Server] - 2025-01-13T01:00:45.895Z - [SYNC]: project graph hash is the same, not collecting task sync generators
[NX Daemon Server] - 2025-01-13T01:00:45.895Z - [SYNC]: nx.json hash is the same, not collecting global sync generators
[NX Daemon Server] - 2025-01-13T01:00:45.895Z - Time taken for 'total execution time for createProjectGraph()' 64.61587499998859ms
[NX Daemon Server] - 2025-01-13T01:01:01.627Z - [WATCHER]: package.json was modified
[NX Daemon Server] - 2025-01-13T01:01:01.628Z - [WATCHER]: Processing file changes in outputs
[NX Daemon Server] - 2025-01-13T01:01:02.433Z - [REQUEST]: Updated workspace context based on watched changes, recomputing project graph...
[NX Daemon Server] - 2025-01-13T01:01:02.433Z - [REQUEST]: package.json
[NX Daemon Server] - 2025-01-13T01:01:02.434Z - [REQUEST]: 
[NX Daemon Server] - 2025-01-13T01:01:02.446Z - Time taken for 'hash changed files from watcher' 1.2713330000115093ms
[NX Daemon Server] - 2025-01-13T01:01:02.482Z - Time taken for 'build-project-configs' 36.3002919999999ms
[NX Daemon Server] - 2025-01-13T01:01:02.565Z - [SYNC]: collect registered sync generators
[NX Daemon Server] - 2025-01-13T01:01:02.565Z - [SYNC]: project graph hash is the same, not collecting task sync generators
[NX Daemon Server] - 2025-01-13T01:01:02.565Z - [SYNC]: nx.json hash is the same, not collecting global sync generators
[NX Daemon Server] - 2025-01-13T01:01:02.565Z - Time taken for 'total execution time for createProjectGraph()' 77.26537499998813ms
[NX Daemon Server] - 2025-01-13T01:01:09.604Z - Established a connection. Number of open connections: 1
[NX Daemon Server] - 2025-01-13T01:01:09.605Z - Closed a connection. Number of open connections: 0
[NX Daemon Server] - 2025-01-13T01:01:09.605Z - Established a connection. Number of open connections: 1
[NX Daemon Server] - 2025-01-13T01:01:09.606Z - [REQUEST]: Client Request for Project Graph Received
[NX Daemon Server] - 2025-01-13T01:01:09.606Z - [REQUEST]: Responding to the client. project-graph
[NX Daemon Server] - 2025-01-13T01:01:09.607Z - Time taken for 'total for creating and serializing project graph' 0.20883399999001995ms
[NX Daemon Server] - 2025-01-13T01:01:09.610Z - Done responding to the client project-graph
[NX Daemon Server] - 2025-01-13T01:01:09.610Z - Handled REQUEST_PROJECT_GRAPH. Handling time: 0. Response time: 4.
[NX Daemon Server] - 2025-01-13T01:01:09.658Z - [REQUEST]: Responding to the client. handleHashTasks
[NX Daemon Server] - 2025-01-13T01:01:09.658Z - Done responding to the client handleHashTasks
[NX Daemon Server] - 2025-01-13T01:01:09.658Z - Handled HASH_TASKS. Handling time: 17. Response time: 0.
[NX Daemon Server] - 2025-01-13T01:01:09.665Z - [REQUEST]: Responding to the client. handleGetEstimatedTaskTimings
[NX Daemon Server] - 2025-01-13T01:01:09.665Z - Done responding to the client handleGetEstimatedTaskTimings
[NX Daemon Server] - 2025-01-13T01:01:09.665Z - Handled GET_ESTIMATED_TASK_TIMINGS. Handling time: 0. Response time: 0.
[NX Daemon Server] - 2025-01-13T01:01:10.716Z - [REQUEST]: Responding to the client. recordOutputsHash
[NX Daemon Server] - 2025-01-13T01:01:10.716Z - Done responding to the client recordOutputsHash
[NX Daemon Server] - 2025-01-13T01:01:10.716Z - Handled RECORD_OUTPUTS_HASH. Handling time: 0. Response time: 0.
[NX Daemon Server] - 2025-01-13T01:01:10.718Z - [REQUEST]: Responding to the client. handleRecordTaskRuns
[NX Daemon Server] - 2025-01-13T01:01:10.718Z - Done responding to the client handleRecordTaskRuns
[NX Daemon Server] - 2025-01-13T01:01:10.718Z - Handled RECORD_TASK_RUNS. Handling time: 0. Response time: 0.
[NX Daemon Server] - 2025-01-13T01:01:10.718Z - [REQUEST]: Responding to the client. handleGetFlakyTasks
[NX Daemon Server] - 2025-01-13T01:01:10.718Z - Done responding to the client handleGetFlakyTasks
[NX Daemon Server] - 2025-01-13T01:01:10.718Z - Handled GET_FLAKY_TASKS. Handling time: 0. Response time: 0.
[NX Daemon Server] - 2025-01-13T01:01:10.835Z - Closed a connection. Number of open connections: 0
[NX Daemon Server] - 2025-01-13T01:01:30.278Z - Established a connection. Number of open connections: 1
[NX Daemon Server] - 2025-01-13T01:01:30.278Z - Closed a connection. Number of open connections: 0
[NX Daemon Server] - 2025-01-13T01:01:30.279Z - Established a connection. Number of open connections: 1
[NX Daemon Server] - 2025-01-13T01:01:30.280Z - [REQUEST]: Client Request for Project Graph Received
[NX Daemon Server] - 2025-01-13T01:01:30.280Z - [REQUEST]: Responding to the client. project-graph
[NX Daemon Server] - 2025-01-13T01:01:30.281Z - Time taken for 'total for creating and serializing project graph' 0.22087499999906868ms
[NX Daemon Server] - 2025-01-13T01:01:30.284Z - Done responding to the client project-graph
[NX Daemon Server] - 2025-01-13T01:01:30.284Z - Handled REQUEST_PROJECT_GRAPH. Handling time: 0. Response time: 4.
[NX Daemon Server] - 2025-01-13T01:01:30.323Z - [REQUEST]: Responding to the client. handleHashTasks
[NX Daemon Server] - 2025-01-13T01:01:30.324Z - Done responding to the client handleHashTasks
[NX Daemon Server] - 2025-01-13T01:01:30.324Z - Handled HASH_TASKS. Handling time: 9. Response time: 1.
[NX Daemon Server] - 2025-01-13T01:01:30.331Z - [REQUEST]: Responding to the client. handleGetEstimatedTaskTimings
[NX Daemon Server] - 2025-01-13T01:01:30.331Z - Done responding to the client handleGetEstimatedTaskTimings
[NX Daemon Server] - 2025-01-13T01:01:30.331Z - Handled GET_ESTIMATED_TASK_TIMINGS. Handling time: 0. Response time: 0.
[NX Daemon Server] - 2025-01-13T01:02:18.487Z - Closed a connection. Number of open connections: 0
[NX Daemon Server] - 2025-01-13T01:02:18.643Z - [WATCHER]: package.json was modified
[NX Daemon Server] - 2025-01-13T01:02:18.644Z - [WATCHER]: Processing file changes in outputs
[NX Daemon Server] - 2025-01-13T01:02:18.744Z - [REQUEST]: Updated workspace context based on watched changes, recomputing project graph...
[NX Daemon Server] - 2025-01-13T01:02:18.744Z - [REQUEST]: package.json
[NX Daemon Server] - 2025-01-13T01:02:18.744Z - [REQUEST]: 
[NX Daemon Server] - 2025-01-13T01:02:18.746Z - Time taken for 'hash changed files from watcher' 0.2561660000355914ms
[NX Daemon Server] - 2025-01-13T01:02:18.766Z - Time taken for 'build-project-configs' 17.170417000015732ms
[NX Daemon Server] - 2025-01-13T01:02:18.805Z - [SYNC]: collect registered sync generators
[NX Daemon Server] - 2025-01-13T01:02:18.805Z - [SYNC]: nx.json hash is the same, not collecting global sync generators
[NX Daemon Server] - 2025-01-13T01:02:18.805Z - Time taken for 'total execution time for createProjectGraph()' 34.5365420000162ms
[NX Daemon Server] - 2025-01-13T01:02:48.339Z - [WATCHER]: package.json was modified
[NX Daemon Server] - 2025-01-13T01:02:48.340Z - [WATCHER]: Processing file changes in outputs
[NX Daemon Server] - 2025-01-13T01:02:48.541Z - [REQUEST]: Updated workspace context based on watched changes, recomputing project graph...
[NX Daemon Server] - 2025-01-13T01:02:48.541Z - [REQUEST]: package.json
[NX Daemon Server] - 2025-01-13T01:02:48.542Z - [REQUEST]: 
[NX Daemon Server] - 2025-01-13T01:02:48.552Z - Time taken for 'hash changed files from watcher' 0.6752919999998994ms
[NX Daemon Server] - 2025-01-13T01:02:48.579Z - Time taken for 'build-project-configs' 31.509916999959387ms
[NX Daemon Server] - 2025-01-13T01:02:48.622Z - [SYNC]: collect registered sync generators
[NX Daemon Server] - 2025-01-13T01:02:48.622Z - [SYNC]: project graph hash is the same, not collecting task sync generators
[NX Daemon Server] - 2025-01-13T01:02:48.622Z - [SYNC]: nx.json hash is the same, not collecting global sync generators
[NX Daemon Server] - 2025-01-13T01:02:48.622Z - Time taken for 'total execution time for createProjectGraph()' 38.50300000002608ms
[NX Daemon Server] - 2025-01-13T01:02:53.543Z - [WATCHER]: package.json was modified
[NX Daemon Server] - 2025-01-13T01:02:53.544Z - [WATCHER]: Processing file changes in outputs
[NX Daemon Server] - 2025-01-13T01:02:53.945Z - [REQUEST]: Updated workspace context based on watched changes, recomputing project graph...
[NX Daemon Server] - 2025-01-13T01:02:53.945Z - [REQUEST]: package.json
[NX Daemon Server] - 2025-01-13T01:02:53.945Z - [REQUEST]: 
[NX Daemon Server] - 2025-01-13T01:02:53.950Z - Time taken for 'hash changed files from watcher' 0.41958400001749396ms
[NX Daemon Server] - 2025-01-13T01:02:53.983Z - Time taken for 'build-project-configs' 32.40620799997123ms
[NX Daemon Server] - 2025-01-13T01:02:54.028Z - [SYNC]: collect registered sync generators
[NX Daemon Server] - 2025-01-13T01:02:54.028Z - [SYNC]: project graph hash is the same, not collecting task sync generators
[NX Daemon Server] - 2025-01-13T01:02:54.028Z - [SYNC]: nx.json hash is the same, not collecting global sync generators
[NX Daemon Server] - 2025-01-13T01:02:54.028Z - Time taken for 'total execution time for createProjectGraph()' 40.18787500000326ms
[NX Daemon Server] - 2025-01-13T01:03:13.136Z - [WATCHER]: package.json was modified
[NX Daemon Server] - 2025-01-13T01:03:13.136Z - [WATCHER]: Processing file changes in outputs
[NX Daemon Server] - 2025-01-13T01:03:13.939Z - [REQUEST]: Updated workspace context based on watched changes, recomputing project graph...
[NX Daemon Server] - 2025-01-13T01:03:13.939Z - [REQUEST]: package.json
[NX Daemon Server] - 2025-01-13T01:03:13.939Z - [REQUEST]: 
[NX Daemon Server] - 2025-01-13T01:03:13.944Z - Time taken for 'hash changed files from watcher' 0.4632909999927506ms
[NX Daemon Server] - 2025-01-13T01:03:13.977Z - Time taken for 'build-project-configs' 30.88925000000745ms
[NX Daemon Server] - 2025-01-13T01:03:14.015Z - [SYNC]: collect registered sync generators
[NX Daemon Server] - 2025-01-13T01:03:14.015Z - [SYNC]: project graph hash is the same, not collecting task sync generators
[NX Daemon Server] - 2025-01-13T01:03:14.015Z - [SYNC]: nx.json hash is the same, not collecting global sync generators
[NX Daemon Server] - 2025-01-13T01:03:14.015Z - Time taken for 'total execution time for createProjectGraph()' 33.729709000035655ms
[NX Daemon Server] - 2025-01-13T01:03:16.489Z - [WATCHER]: _tmp_25196_c206ccff1bc9d988037f1f34c0c7868b was deleted
[NX Daemon Server] - 2025-01-13T01:03:16.490Z - [WATCHER]: Processing file changes in outputs
[NX Daemon Server] - 2025-01-13T01:03:18.090Z - [REQUEST]: Updated workspace context based on watched changes, recomputing project graph...
[NX Daemon Server] - 2025-01-13T01:03:18.090Z - [REQUEST]: 
[NX Daemon Server] - 2025-01-13T01:03:18.090Z - [REQUEST]: _tmp_25196_c206ccff1bc9d988037f1f34c0c7868b
[NX Daemon Server] - 2025-01-13T01:03:18.092Z - Time taken for 'hash changed files from watcher' 0.17508299998007715ms
[NX Daemon Server] - 2025-01-13T01:03:18.119Z - Time taken for 'build-project-configs' 23.15983399999095ms
[NX Daemon Server] - 2025-01-13T01:03:18.179Z - [SYNC]: collect registered sync generators
[NX Daemon Server] - 2025-01-13T01:03:18.179Z - [SYNC]: project graph hash is the same, not collecting task sync generators
[NX Daemon Server] - 2025-01-13T01:03:18.180Z - [SYNC]: nx.json hash is the same, not collecting global sync generators
[NX Daemon Server] - 2025-01-13T01:03:18.180Z - Time taken for 'total execution time for createProjectGraph()' 44.74333299999125ms
[NX Daemon Server] - 2025-01-13T01:03:28.251Z - [WATCHER]: Processing file changes in outputs
[NX Daemon Server] - 2025-01-13T01:03:28.252Z - [WATCHER]: Stopping the watcher for /Users/jonathan/Documents/projects/web-projects/hats/create-hats-app (sources)
[NX Daemon Server] - 2025-01-13T01:03:28.252Z - [WATCHER]: Stopping the watcher for /Users/jonathan/Documents/projects/web-projects/hats/create-hats-app (outputs)
